[ 50%] Building CXX object CMakeFiles/krequest_app.dir/test/main.cpp.o
[100%] Linking CXX executable krequest_app
[100%] Built target krequest_app
